---
source: src/export/plaintext.rs
expression: "for_agent(&meeting(), &ExportOptions::default(), &[\"大澤研\".to_string()])"
---
以下は音声認識で自動生成した文字起こしです。誤字・誤変換・句読点を直して、読みやすい日本語に整えてください。
ルール:
- 内容を要約・省略・追加しない
- 時刻と話者ラベル（自分／相手）はそのまま残す
- [画像:0001 15:16:03] のような行は一字も変えずに残す
- 行頭の ★ は話者が重要と印を付けた行。★ はそのまま残す
- 聞き取れない箇所は推測せず「（不明）」と書く
- 固有名詞の候補: 大澤研
---
[15:15:58] 相手: それでは始めます。次のスライドお願いします。
[画像:0001 15:16:03]
[15:16:05] 自分: よろしくお願いします。
— 15:40:12 音声ソース再接続 —
